{"name":"Some name","names":["Some","name"],"is":false,"no":true,"empty":null,"integer":15,"float":2.05000000000000E+01,"booleans":[false,true],"nulls":[null,null],"floats":[-1.00000000000000E+00,1.00000000000000E+00],"integers":[-1,1],"arrays":[[],[]],"objects":[{},{}],"controls":"\u0000\u0001\u0002\u0003\u0004\u0005\u0006\u0007\b\t\n\u000B\f\r\u000E\u000F\u0010\u0011\u0012\u0013\u0014\u0015\u0016\u0017\u0018\u0019\u001A\u001B\u001C\u001D\u001E\u001F","others":"\\\"","empty_string":"","null_string":""}